Archive member included to satisfy reference by file (symbol)

f:/software/atmel studio 7/7.0/toolchain/avr8/avr8-gnu-toolchain/bin/../lib/gcc/avr/5.4.0/../../../../avr/lib/avr5\libm.a(addsf3.o)
                              main.o (__addsf3)
f:/software/atmel studio 7/7.0/toolchain/avr8/avr8-gnu-toolchain/bin/../lib/gcc/avr/5.4.0/../../../../avr/lib/avr5\libm.a(addsf3x.o)
                              f:/software/atmel studio 7/7.0/toolchain/avr8/avr8-gnu-toolchain/bin/../lib/gcc/avr/5.4.0/../../../../avr/lib/avr5\libm.a(addsf3.o) (__addsf3x)
f:/software/atmel studio 7/7.0/toolchain/avr8/avr8-gnu-toolchain/bin/../lib/gcc/avr/5.4.0/../../../../avr/lib/avr5\libm.a(divsf3.o)
                              flowsensor.o (__divsf3)
f:/software/atmel studio 7/7.0/toolchain/avr8/avr8-gnu-toolchain/bin/../lib/gcc/avr/5.4.0/../../../../avr/lib/avr5\libm.a(divsf3x.o)
                              f:/software/atmel studio 7/7.0/toolchain/avr8/avr8-gnu-toolchain/bin/../lib/gcc/avr/5.4.0/../../../../avr/lib/avr5\libm.a(divsf3.o) (__divsf3x)
f:/software/atmel studio 7/7.0/toolchain/avr8/avr8-gnu-toolchain/bin/../lib/gcc/avr/5.4.0/../../../../avr/lib/avr5\libm.a(fixsfsi.o)
                              main.o (__fixsfsi)
f:/software/atmel studio 7/7.0/toolchain/avr8/avr8-gnu-toolchain/bin/../lib/gcc/avr/5.4.0/../../../../avr/lib/avr5\libm.a(fixunssfsi.o)
                              flowsensor.o (__fixunssfsi)
f:/software/atmel studio 7/7.0/toolchain/avr8/avr8-gnu-toolchain/bin/../lib/gcc/avr/5.4.0/../../../../avr/lib/avr5\libm.a(floatsisf.o)
                              flowsensor.o (__floatunsisf)
f:/software/atmel studio 7/7.0/toolchain/avr8/avr8-gnu-toolchain/bin/../lib/gcc/avr/5.4.0/../../../../avr/lib/avr5\libm.a(fp_inf.o)
                              f:/software/atmel studio 7/7.0/toolchain/avr8/avr8-gnu-toolchain/bin/../lib/gcc/avr/5.4.0/../../../../avr/lib/avr5\libm.a(addsf3x.o) (__fp_inf)
f:/software/atmel studio 7/7.0/toolchain/avr8/avr8-gnu-toolchain/bin/../lib/gcc/avr/5.4.0/../../../../avr/lib/avr5\libm.a(fp_nan.o)
                              f:/software/atmel studio 7/7.0/toolchain/avr8/avr8-gnu-toolchain/bin/../lib/gcc/avr/5.4.0/../../../../avr/lib/avr5\libm.a(addsf3x.o) (__fp_nan)
f:/software/atmel studio 7/7.0/toolchain/avr8/avr8-gnu-toolchain/bin/../lib/gcc/avr/5.4.0/../../../../avr/lib/avr5\libm.a(fp_pscA.o)
                              f:/software/atmel studio 7/7.0/toolchain/avr8/avr8-gnu-toolchain/bin/../lib/gcc/avr/5.4.0/../../../../avr/lib/avr5\libm.a(addsf3x.o) (__fp_pscA)
f:/software/atmel studio 7/7.0/toolchain/avr8/avr8-gnu-toolchain/bin/../lib/gcc/avr/5.4.0/../../../../avr/lib/avr5\libm.a(fp_pscB.o)
                              f:/software/atmel studio 7/7.0/toolchain/avr8/avr8-gnu-toolchain/bin/../lib/gcc/avr/5.4.0/../../../../avr/lib/avr5\libm.a(addsf3x.o) (__fp_pscB)
f:/software/atmel studio 7/7.0/toolchain/avr8/avr8-gnu-toolchain/bin/../lib/gcc/avr/5.4.0/../../../../avr/lib/avr5\libm.a(fp_round.o)
                              f:/software/atmel studio 7/7.0/toolchain/avr8/avr8-gnu-toolchain/bin/../lib/gcc/avr/5.4.0/../../../../avr/lib/avr5\libm.a(addsf3.o) (__fp_round)
f:/software/atmel studio 7/7.0/toolchain/avr8/avr8-gnu-toolchain/bin/../lib/gcc/avr/5.4.0/../../../../avr/lib/avr5\libm.a(fp_split3.o)
                              f:/software/atmel studio 7/7.0/toolchain/avr8/avr8-gnu-toolchain/bin/../lib/gcc/avr/5.4.0/../../../../avr/lib/avr5\libm.a(addsf3x.o) (__fp_split3)
f:/software/atmel studio 7/7.0/toolchain/avr8/avr8-gnu-toolchain/bin/../lib/gcc/avr/5.4.0/../../../../avr/lib/avr5\libm.a(fp_zero.o)
                              f:/software/atmel studio 7/7.0/toolchain/avr8/avr8-gnu-toolchain/bin/../lib/gcc/avr/5.4.0/../../../../avr/lib/avr5\libm.a(addsf3x.o) (__fp_zero)
f:/software/atmel studio 7/7.0/toolchain/avr8/avr8-gnu-toolchain/bin/../lib/gcc/avr/5.4.0/../../../../avr/lib/avr5\libm.a(gesf2.o)
                              main.o (__gesf2)
f:/software/atmel studio 7/7.0/toolchain/avr8/avr8-gnu-toolchain/bin/../lib/gcc/avr/5.4.0/../../../../avr/lib/avr5\libm.a(log10.o)
                              main.o (log10)
f:/software/atmel studio 7/7.0/toolchain/avr8/avr8-gnu-toolchain/bin/../lib/gcc/avr/5.4.0/../../../../avr/lib/avr5\libm.a(log.o)
                              f:/software/atmel studio 7/7.0/toolchain/avr8/avr8-gnu-toolchain/bin/../lib/gcc/avr/5.4.0/../../../../avr/lib/avr5\libm.a(log10.o) (log)
f:/software/atmel studio 7/7.0/toolchain/avr8/avr8-gnu-toolchain/bin/../lib/gcc/avr/5.4.0/../../../../avr/lib/avr5\libm.a(mulsf3.o)
                              flowsensor.o (__mulsf3)
f:/software/atmel studio 7/7.0/toolchain/avr8/avr8-gnu-toolchain/bin/../lib/gcc/avr/5.4.0/../../../../avr/lib/avr5\libm.a(mulsf3x.o)
                              f:/software/atmel studio 7/7.0/toolchain/avr8/avr8-gnu-toolchain/bin/../lib/gcc/avr/5.4.0/../../../../avr/lib/avr5\libm.a(log.o) (__mulsf3x)
f:/software/atmel studio 7/7.0/toolchain/avr8/avr8-gnu-toolchain/bin/../lib/gcc/avr/5.4.0/../../../../avr/lib/avr5\libm.a(fp_cmp.o)
                              f:/software/atmel studio 7/7.0/toolchain/avr8/avr8-gnu-toolchain/bin/../lib/gcc/avr/5.4.0/../../../../avr/lib/avr5\libm.a(gesf2.o) (__fp_cmp)
f:/software/atmel studio 7/7.0/toolchain/avr8/avr8-gnu-toolchain/bin/../lib/gcc/avr/5.4.0/../../../../avr/lib/avr5\libm.a(fp_mpack.o)
                              f:/software/atmel studio 7/7.0/toolchain/avr8/avr8-gnu-toolchain/bin/../lib/gcc/avr/5.4.0/../../../../avr/lib/avr5\libm.a(log.o) (__fp_mpack)
f:/software/atmel studio 7/7.0/toolchain/avr8/avr8-gnu-toolchain/bin/../lib/gcc/avr/5.4.0/../../../../avr/lib/avr5\libm.a(fp_powser.o)
                              f:/software/atmel studio 7/7.0/toolchain/avr8/avr8-gnu-toolchain/bin/../lib/gcc/avr/5.4.0/../../../../avr/lib/avr5\libm.a(log.o) (__fp_powser)
f:/software/atmel studio 7/7.0/toolchain/avr8/avr8-gnu-toolchain/bin/../lib/gcc/avr/5.4.0/avr5\libgcc.a(_exit.o)
                              F:/Software/Atmel Studio 7/7.0/Packs/atmel/ATmega_DFP/1.6.364/gcc/dev/atmega32/avr5/crtatmega32.o (exit)
f:/software/atmel studio 7/7.0/toolchain/avr8/avr8-gnu-toolchain/bin/../lib/gcc/avr/5.4.0/avr5\libgcc.a(_copy_data.o)
                              flowsensor.o (__do_copy_data)
f:/software/atmel studio 7/7.0/toolchain/avr8/avr8-gnu-toolchain/bin/../lib/gcc/avr/5.4.0/avr5\libgcc.a(_clear_bss.o)
                              flowsensor.o (__do_clear_bss)
f:/software/atmel studio 7/7.0/toolchain/avr8/avr8-gnu-toolchain/bin/../lib/gcc/avr/5.4.0/../../../../avr/lib/avr5\libc.a(atoi.o)
                              main.o (atoi)
f:/software/atmel studio 7/7.0/toolchain/avr8/avr8-gnu-toolchain/bin/../lib/gcc/avr/5.4.0/../../../../avr/lib/avr5\libc.a(strcmp.o)
                              main.o (strcmp)
f:/software/atmel studio 7/7.0/toolchain/avr8/avr8-gnu-toolchain/bin/../lib/gcc/avr/5.4.0/../../../../avr/lib/avr5\libc.a(strcpy.o)
                              main.o (strcpy)
f:/software/atmel studio 7/7.0/toolchain/avr8/avr8-gnu-toolchain/bin/../lib/gcc/avr/5.4.0/../../../../avr/lib/avr5\libc.a(mul10.o)
                              f:/software/atmel studio 7/7.0/toolchain/avr8/avr8-gnu-toolchain/bin/../lib/gcc/avr/5.4.0/../../../../avr/lib/avr5\libc.a(atoi.o) (__mulhi_const_10)

Allocating common symbols
Common symbol       size              file

colloc              0x1               keypad.o
var1                0x2               main.o
rowloc              0x1               keypad.o
pH                  0x4               main.o
adc_ph              0x2               main.o
v_acid              0x2               flowsensor.o

Discarded input sections

 .data          0x00000000        0x0 F:/Software/Atmel Studio 7/7.0/Packs/atmel/ATmega_DFP/1.6.364/gcc/dev/atmega32/avr5/crtatmega32.o
 .bss           0x00000000        0x0 F:/Software/Atmel Studio 7/7.0/Packs/atmel/ATmega_DFP/1.6.364/gcc/dev/atmega32/avr5/crtatmega32.o
 .text          0x00000000        0x0 adc.o
 .data          0x00000000        0x0 adc.o
 .bss           0x00000000        0x0 adc.o
 .text          0x00000000        0x0 flowsensor.o
 .data          0x00000000        0x0 flowsensor.o
 .bss           0x00000000        0x0 flowsensor.o
 .text          0x00000000        0x0 keypad.o
 .data          0x00000000        0x0 keypad.o
 .bss           0x00000000        0x0 keypad.o
 .text          0x00000000        0x0 main.o
 .data          0x00000000        0x0 main.o
 .bss           0x00000000        0x0 main.o
 .text.i2c_read
                0x00000000        0xe main.o
 .text.lcd_rig_sh
                0x00000000       0x10 main.o
 .text.lcd_lef_sh
                0x00000000       0x10 main.o
 .text.disp_w_low
                0x00000000       0x16 main.o
 .text.disp_a_low
                0x00000000       0x16 main.o
 .text.disp_l_low
                0x00000000       0x16 main.o
 .text          0x00000000        0x0 f:/software/atmel studio 7/7.0/toolchain/avr8/avr8-gnu-toolchain/bin/../lib/gcc/avr/5.4.0/../../../../avr/lib/avr5\libm.a(addsf3.o)
 .data          0x00000000        0x0 f:/software/atmel studio 7/7.0/toolchain/avr8/avr8-gnu-toolchain/bin/../lib/gcc/avr/5.4.0/../../../../avr/lib/avr5\libm.a(addsf3.o)
 .bss           0x00000000        0x0 f:/software/atmel studio 7/7.0/toolchain/avr8/avr8-gnu-toolchain/bin/../lib/gcc/avr/5.4.0/../../../../avr/lib/avr5\libm.a(addsf3.o)
 .text          0x00000000        0x0 f:/software/atmel studio 7/7.0/toolchain/avr8/avr8-gnu-toolchain/bin/../lib/gcc/avr/5.4.0/../../../../avr/lib/avr5\libm.a(addsf3x.o)
 .data          0x00000000        0x0 f:/software/atmel studio 7/7.0/toolchain/avr8/avr8-gnu-toolchain/bin/../lib/gcc/avr/5.4.0/../../../../avr/lib/avr5\libm.a(addsf3x.o)
 .bss           0x00000000        0x0 f:/software/atmel studio 7/7.0/toolchain/avr8/avr8-gnu-toolchain/bin/../lib/gcc/avr/5.4.0/../../../../avr/lib/avr5\libm.a(addsf3x.o)
 .text          0x00000000        0x0 f:/software/atmel studio 7/7.0/toolchain/avr8/avr8-gnu-toolchain/bin/../lib/gcc/avr/5.4.0/../../../../avr/lib/avr5\libm.a(divsf3.o)
 .data          0x00000000        0x0 f:/software/atmel studio 7/7.0/toolchain/avr8/avr8-gnu-toolchain/bin/../lib/gcc/avr/5.4.0/../../../../avr/lib/avr5\libm.a(divsf3.o)
 .bss           0x00000000        0x0 f:/software/atmel studio 7/7.0/toolchain/avr8/avr8-gnu-toolchain/bin/../lib/gcc/avr/5.4.0/../../../../avr/lib/avr5\libm.a(divsf3.o)
 .text          0x00000000        0x0 f:/software/atmel studio 7/7.0/toolchain/avr8/avr8-gnu-toolchain/bin/../lib/gcc/avr/5.4.0/../../../../avr/lib/avr5\libm.a(divsf3x.o)
 .data          0x00000000        0x0 f:/software/atmel studio 7/7.0/toolchain/avr8/avr8-gnu-toolchain/bin/../lib/gcc/avr/5.4.0/../../../../avr/lib/avr5\libm.a(divsf3x.o)
 .bss           0x00000000        0x0 f:/software/atmel studio 7/7.0/toolchain/avr8/avr8-gnu-toolchain/bin/../lib/gcc/avr/5.4.0/../../../../avr/lib/avr5\libm.a(divsf3x.o)
 .text          0x00000000        0x0 f:/software/atmel studio 7/7.0/toolchain/avr8/avr8-gnu-toolchain/bin/../lib/gcc/avr/5.4.0/../../../../avr/lib/avr5\libm.a(fixsfsi.o)
 .data          0x00000000        0x0 f:/software/atmel studio 7/7.0/toolchain/avr8/avr8-gnu-toolchain/bin/../lib/gcc/avr/5.4.0/../../../../avr/lib/avr5\libm.a(fixsfsi.o)
 .bss           0x00000000        0x0 f:/software/atmel studio 7/7.0/toolchain/avr8/avr8-gnu-toolchain/bin/../lib/gcc/avr/5.4.0/../../../../avr/lib/avr5\libm.a(fixsfsi.o)
 .text          0x00000000        0x0 f:/software/atmel studio 7/7.0/toolchain/avr8/avr8-gnu-toolchain/bin/../lib/gcc/avr/5.4.0/../../../../avr/lib/avr5\libm.a(fixunssfsi.o)
 .data          0x00000000        0x0 f:/software/atmel studio 7/7.0/toolchain/avr8/avr8-gnu-toolchain/bin/../lib/gcc/avr/5.4.0/../../../../avr/lib/avr5\libm.a(fixunssfsi.o)
 .bss           0x00000000        0x0 f:/software/atmel studio 7/7.0/toolchain/avr8/avr8-gnu-toolchain/bin/../lib/gcc/avr/5.4.0/../../../../avr/lib/avr5\libm.a(fixunssfsi.o)
 .text          0x00000000        0x0 f:/software/atmel studio 7/7.0/toolchain/avr8/avr8-gnu-toolchain/bin/../lib/gcc/avr/5.4.0/../../../../avr/lib/avr5\libm.a(floatsisf.o)
 .data          0x00000000        0x0 f:/software/atmel studio 7/7.0/toolchain/avr8/avr8-gnu-toolchain/bin/../lib/gcc/avr/5.4.0/../../../../avr/lib/avr5\libm.a(floatsisf.o)
 .bss           0x00000000        0x0 f:/software/atmel studio 7/7.0/toolchain/avr8/avr8-gnu-toolchain/bin/../lib/gcc/avr/5.4.0/../../../../avr/lib/avr5\libm.a(floatsisf.o)
 .text          0x00000000        0x0 f:/software/atmel studio 7/7.0/toolchain/avr8/avr8-gnu-toolchain/bin/../lib/gcc/avr/5.4.0/../../../../avr/lib/avr5\libm.a(fp_inf.o)
 .data          0x00000000        0x0 f:/software/atmel studio 7/7.0/toolchain/avr8/avr8-gnu-toolchain/bin/../lib/gcc/avr/5.4.0/../../../../avr/lib/avr5\libm.a(fp_inf.o)
 .bss           0x00000000        0x0 f:/software/atmel studio 7/7.0/toolchain/avr8/avr8-gnu-toolchain/bin/../lib/gcc/avr/5.4.0/../../../../avr/lib/avr5\libm.a(fp_inf.o)
 .text          0x00000000        0x0 f:/software/atmel studio 7/7.0/toolchain/avr8/avr8-gnu-toolchain/bin/../lib/gcc/avr/5.4.0/../../../../avr/lib/avr5\libm.a(fp_nan.o)
 .data          0x00000000        0x0 f:/software/atmel studio 7/7.0/toolchain/avr8/avr8-gnu-toolchain/bin/../lib/gcc/avr/5.4.0/../../../../avr/lib/avr5\libm.a(fp_nan.o)
 .bss           0x00000000        0x0 f:/software/atmel studio 7/7.0/toolchain/avr8/avr8-gnu-toolchain/bin/../lib/gcc/avr/5.4.0/../../../../avr/lib/avr5\libm.a(fp_nan.o)
 .text          0x00000000        0x0 f:/software/atmel studio 7/7.0/toolchain/avr8/avr8-gnu-toolchain/bin/../lib/gcc/avr/5.4.0/../../../../avr/lib/avr5\libm.a(fp_pscA.o)
 .data          0x00000000        0x0 f:/software/atmel studio 7/7.0/toolchain/avr8/avr8-gnu-toolchain/bin/../lib/gcc/avr/5.4.0/../../../../avr/lib/avr5\libm.a(fp_pscA.o)
 .bss           0x00000000        0x0 f:/software/atmel studio 7/7.0/toolchain/avr8/avr8-gnu-toolchain/bin/../lib/gcc/avr/5.4.0/../../../../avr/lib/avr5\libm.a(fp_pscA.o)
 .text          0x00000000        0x0 f:/software/atmel studio 7/7.0/toolchain/avr8/avr8-gnu-toolchain/bin/../lib/gcc/avr/5.4.0/../../../../avr/lib/avr5\libm.a(fp_pscB.o)
 .data          0x00000000        0x0 f:/software/atmel studio 7/7.0/toolchain/avr8/avr8-gnu-toolchain/bin/../lib/gcc/avr/5.4.0/../../../../avr/lib/avr5\libm.a(fp_pscB.o)
 .bss           0x00000000        0x0 f:/software/atmel studio 7/7.0/toolchain/avr8/avr8-gnu-toolchain/bin/../lib/gcc/avr/5.4.0/../../../../avr/lib/avr5\libm.a(fp_pscB.o)
 .text          0x00000000        0x0 f:/software/atmel studio 7/7.0/toolchain/avr8/avr8-gnu-toolchain/bin/../lib/gcc/avr/5.4.0/../../../../avr/lib/avr5\libm.a(fp_round.o)
 .data          0x00000000        0x0 f:/software/atmel studio 7/7.0/toolchain/avr8/avr8-gnu-toolchain/bin/../lib/gcc/avr/5.4.0/../../../../avr/lib/avr5\libm.a(fp_round.o)
 .bss           0x00000000        0x0 f:/software/atmel studio 7/7.0/toolchain/avr8/avr8-gnu-toolchain/bin/../lib/gcc/avr/5.4.0/../../../../avr/lib/avr5\libm.a(fp_round.o)
 .text          0x00000000        0x0 f:/software/atmel studio 7/7.0/toolchain/avr8/avr8-gnu-toolchain/bin/../lib/gcc/avr/5.4.0/../../../../avr/lib/avr5\libm.a(fp_split3.o)
 .data          0x00000000        0x0 f:/software/atmel studio 7/7.0/toolchain/avr8/avr8-gnu-toolchain/bin/../lib/gcc/avr/5.4.0/../../../../avr/lib/avr5\libm.a(fp_split3.o)
 .bss           0x00000000        0x0 f:/software/atmel studio 7/7.0/toolchain/avr8/avr8-gnu-toolchain/bin/../lib/gcc/avr/5.4.0/../../../../avr/lib/avr5\libm.a(fp_split3.o)
 .text          0x00000000        0x0 f:/software/atmel studio 7/7.0/toolchain/avr8/avr8-gnu-toolchain/bin/../lib/gcc/avr/5.4.0/../../../../avr/lib/avr5\libm.a(fp_zero.o)
 .data          0x00000000        0x0 f:/software/atmel studio 7/7.0/toolchain/avr8/avr8-gnu-toolchain/bin/../lib/gcc/avr/5.4.0/../../../../avr/lib/avr5\libm.a(fp_zero.o)
 .bss           0x00000000        0x0 f:/software/atmel studio 7/7.0/toolchain/avr8/avr8-gnu-toolchain/bin/../lib/gcc/avr/5.4.0/../../../../avr/lib/avr5\libm.a(fp_zero.o)
 .text          0x00000000        0x0 f:/software/atmel studio 7/7.0/toolchain/avr8/avr8-gnu-toolchain/bin/../lib/gcc/avr/5.4.0/../../../../avr/lib/avr5\libm.a(gesf2.o)
 .data          0x00000000        0x0 f:/software/atmel studio 7/7.0/toolchain/avr8/avr8-gnu-toolchain/bin/../lib/gcc/avr/5.4.0/../../../../avr/lib/avr5\libm.a(gesf2.o)
 .bss           0x00000000        0x0 f:/software/atmel studio 7/7.0/toolchain/avr8/avr8-gnu-toolchain/bin/../lib/gcc/avr/5.4.0/../../../../avr/lib/avr5\libm.a(gesf2.o)
 .text          0x00000000        0x0 f:/software/atmel studio 7/7.0/toolchain/avr8/avr8-gnu-toolchain/bin/../lib/gcc/avr/5.4.0/../../../../avr/lib/avr5\libm.a(log10.o)
 .data          0x00000000        0x0 f:/software/atmel studio 7/7.0/toolchain/avr8/avr8-gnu-toolchain/bin/../lib/gcc/avr/5.4.0/../../../../avr/lib/avr5\libm.a(log10.o)
 .bss           0x00000000        0x0 f:/software/atmel studio 7/7.0/toolchain/avr8/avr8-gnu-toolchain/bin/../lib/gcc/avr/5.4.0/../../../../avr/lib/avr5\libm.a(log10.o)
 .text          0x00000000        0x0 f:/software/atmel studio 7/7.0/toolchain/avr8/avr8-gnu-toolchain/bin/../lib/gcc/avr/5.4.0/../../../../avr/lib/avr5\libm.a(log.o)
 .data          0x00000000        0x0 f:/software/atmel studio 7/7.0/toolchain/avr8/avr8-gnu-toolchain/bin/../lib/gcc/avr/5.4.0/../../../../avr/lib/avr5\libm.a(log.o)
 .bss           0x00000000        0x0 f:/software/atmel studio 7/7.0/toolchain/avr8/avr8-gnu-toolchain/bin/../lib/gcc/avr/5.4.0/../../../../avr/lib/avr5\libm.a(log.o)
 .text          0x00000000        0x0 f:/software/atmel studio 7/7.0/toolchain/avr8/avr8-gnu-toolchain/bin/../lib/gcc/avr/5.4.0/../../../../avr/lib/avr5\libm.a(mulsf3.o)
 .data          0x00000000        0x0 f:/software/atmel studio 7/7.0/toolchain/avr8/avr8-gnu-toolchain/bin/../lib/gcc/avr/5.4.0/../../../../avr/lib/avr5\libm.a(mulsf3.o)
 .bss           0x00000000        0x0 f:/software/atmel studio 7/7.0/toolchain/avr8/avr8-gnu-toolchain/bin/../lib/gcc/avr/5.4.0/../../../../avr/lib/avr5\libm.a(mulsf3.o)
 .text          0x00000000        0x0 f:/software/atmel studio 7/7.0/toolchain/avr8/avr8-gnu-toolchain/bin/../lib/gcc/avr/5.4.0/../../../../avr/lib/avr5\libm.a(mulsf3x.o)
 .data          0x00000000        0x0 f:/software/atmel studio 7/7.0/toolchain/avr8/avr8-gnu-toolchain/bin/../lib/gcc/avr/5.4.0/../../../../avr/lib/avr5\libm.a(mulsf3x.o)
 .bss           0x00000000        0x0 f:/software/atmel studio 7/7.0/toolchain/avr8/avr8-gnu-toolchain/bin/../lib/gcc/avr/5.4.0/../../../../avr/lib/avr5\libm.a(mulsf3x.o)
 .text          0x00000000        0x0 f:/software/atmel studio 7/7.0/toolchain/avr8/avr8-gnu-toolchain/bin/../lib/gcc/avr/5.4.0/../../../../avr/lib/avr5\libm.a(fp_cmp.o)
 .data          0x00000000        0x0 f:/software/atmel studio 7/7.0/toolchain/avr8/avr8-gnu-toolchain/bin/../lib/gcc/avr/5.4.0/../../../../avr/lib/avr5\libm.a(fp_cmp.o)
 .bss           0x00000000        0x0 f:/software/atmel studio 7/7.0/toolchain/avr8/avr8-gnu-toolchain/bin/../lib/gcc/avr/5.4.0/../../../../avr/lib/avr5\libm.a(fp_cmp.o)
 .text          0x00000000        0x0 f:/software/atmel studio 7/7.0/toolchain/avr8/avr8-gnu-toolchain/bin/../lib/gcc/avr/5.4.0/../../../../avr/lib/avr5\libm.a(fp_mpack.o)
 .data          0x00000000        0x0 f:/software/atmel studio 7/7.0/toolchain/avr8/avr8-gnu-toolchain/bin/../lib/gcc/avr/5.4.0/../../../../avr/lib/avr5\libm.a(fp_mpack.o)
 .bss           0x00000000        0x0 f:/software/atmel studio 7/7.0/toolchain/avr8/avr8-gnu-toolchain/bin/../lib/gcc/avr/5.4.0/../../../../avr/lib/avr5\libm.a(fp_mpack.o)
 .text          0x00000000        0x0 f:/software/atmel studio 7/7.0/toolchain/avr8/avr8-gnu-toolchain/bin/../lib/gcc/avr/5.4.0/../../../../avr/lib/avr5\libm.a(fp_powser.o)
 .data          0x00000000        0x0 f:/software/atmel studio 7/7.0/toolchain/avr8/avr8-gnu-toolchain/bin/../lib/gcc/avr/5.4.0/../../../../avr/lib/avr5\libm.a(fp_powser.o)
 .bss           0x00000000        0x0 f:/software/atmel studio 7/7.0/toolchain/avr8/avr8-gnu-toolchain/bin/../lib/gcc/avr/5.4.0/../../../../avr/lib/avr5\libm.a(fp_powser.o)
 .text          0x00000000        0x0 f:/software/atmel studio 7/7.0/toolchain/avr8/avr8-gnu-toolchain/bin/../lib/gcc/avr/5.4.0/avr5\libgcc.a(_exit.o)
 .data          0x00000000        0x0 f:/software/atmel studio 7/7.0/toolchain/avr8/avr8-gnu-toolchain/bin/../lib/gcc/avr/5.4.0/avr5\libgcc.a(_exit.o)
 .bss           0x00000000        0x0 f:/software/atmel studio 7/7.0/toolchain/avr8/avr8-gnu-toolchain/bin/../lib/gcc/avr/5.4.0/avr5\libgcc.a(_exit.o)
 .text.libgcc.mul
                0x00000000        0x0 f:/software/atmel studio 7/7.0/toolchain/avr8/avr8-gnu-toolchain/bin/../lib/gcc/avr/5.4.0/avr5\libgcc.a(_exit.o)
 .text.libgcc.div
                0x00000000        0x0 f:/software/atmel studio 7/7.0/toolchain/avr8/avr8-gnu-toolchain/bin/../lib/gcc/avr/5.4.0/avr5\libgcc.a(_exit.o)
 .text.libgcc   0x00000000        0x0 f:/software/atmel studio 7/7.0/toolchain/avr8/avr8-gnu-toolchain/bin/../lib/gcc/avr/5.4.0/avr5\libgcc.a(_exit.o)
 .text.libgcc.prologue
                0x00000000        0x0 f:/software/atmel studio 7/7.0/toolchain/avr8/avr8-gnu-toolchain/bin/../lib/gcc/avr/5.4.0/avr5\libgcc.a(_exit.o)
 .text.libgcc.builtins
                0x00000000        0x0 f:/software/atmel studio 7/7.0/toolchain/avr8/avr8-gnu-toolchain/bin/../lib/gcc/avr/5.4.0/avr5\libgcc.a(_exit.o)
 .text.libgcc.fmul
                0x00000000        0x0 f:/software/atmel studio 7/7.0/toolchain/avr8/avr8-gnu-toolchain/bin/../lib/gcc/avr/5.4.0/avr5\libgcc.a(_exit.o)
 .text.libgcc.fixed
                0x00000000        0x0 f:/software/atmel studio 7/7.0/toolchain/avr8/avr8-gnu-toolchain/bin/../lib/gcc/avr/5.4.0/avr5\libgcc.a(_exit.o)
 .text          0x00000000        0x0 f:/software/atmel studio 7/7.0/toolchain/avr8/avr8-gnu-toolchain/bin/../lib/gcc/avr/5.4.0/avr5\libgcc.a(_copy_data.o)
 .data          0x00000000        0x0 f:/software/atmel studio 7/7.0/toolchain/avr8/avr8-gnu-toolchain/bin/../lib/gcc/avr/5.4.0/avr5\libgcc.a(_copy_data.o)
 .bss           0x00000000        0x0 f:/software/atmel studio 7/7.0/toolchain/avr8/avr8-gnu-toolchain/bin/../lib/gcc/avr/5.4.0/avr5\libgcc.a(_copy_data.o)
 .text.libgcc.mul
                0x00000000        0x0 f:/software/atmel studio 7/7.0/toolchain/avr8/avr8-gnu-toolchain/bin/../lib/gcc/avr/5.4.0/avr5\libgcc.a(_copy_data.o)
 .text.libgcc.div
                0x00000000        0x0 f:/software/atmel studio 7/7.0/toolchain/avr8/avr8-gnu-toolchain/bin/../lib/gcc/avr/5.4.0/avr5\libgcc.a(_copy_data.o)
 .text.libgcc   0x00000000        0x0 f:/software/atmel studio 7/7.0/toolchain/avr8/avr8-gnu-toolchain/bin/../lib/gcc/avr/5.4.0/avr5\libgcc.a(_copy_data.o)
 .text.libgcc.prologue
                0x00000000        0x0 f:/software/atmel studio 7/7.0/toolchain/avr8/avr8-gnu-toolchain/bin/../lib/gcc/avr/5.4.0/avr5\libgcc.a(_copy_data.o)
 .text.libgcc.builtins
                0x00000000        0x0 f:/software/atmel studio 7/7.0/toolchain/avr8/avr8-gnu-toolchain/bin/../lib/gcc/avr/5.4.0/avr5\libgcc.a(_copy_data.o)
 .text.libgcc.fmul
                0x00000000        0x0 f:/software/atmel studio 7/7.0/toolchain/avr8/avr8-gnu-toolchain/bin/../lib/gcc/avr/5.4.0/avr5\libgcc.a(_copy_data.o)
 .text.libgcc.fixed
                0x00000000        0x0 f:/software/atmel studio 7/7.0/toolchain/avr8/avr8-gnu-toolchain/bin/../lib/gcc/avr/5.4.0/avr5\libgcc.a(_copy_data.o)
 .text          0x00000000        0x0 f:/software/atmel studio 7/7.0/toolchain/avr8/avr8-gnu-toolchain/bin/../lib/gcc/avr/5.4.0/avr5\libgcc.a(_clear_bss.o)
 .data          0x00000000        0x0 f:/software/atmel studio 7/7.0/toolchain/avr8/avr8-gnu-toolchain/bin/../lib/gcc/avr/5.4.0/avr5\libgcc.a(_clear_bss.o)
 .bss           0x00000000        0x0 f:/software/atmel studio 7/7.0/toolchain/avr8/avr8-gnu-toolchain/bin/../lib/gcc/avr/5.4.0/avr5\libgcc.a(_clear_bss.o)
 .text.libgcc.mul
                0x00000000        0x0 f:/software/atmel studio 7/7.0/toolchain/avr8/avr8-gnu-toolchain/bin/../lib/gcc/avr/5.4.0/avr5\libgcc.a(_clear_bss.o)
 .text.libgcc.div
                0x00000000        0x0 f:/software/atmel studio 7/7.0/toolchain/avr8/avr8-gnu-toolchain/bin/../lib/gcc/avr/5.4.0/avr5\libgcc.a(_clear_bss.o)
 .text.libgcc   0x00000000        0x0 f:/software/atmel studio 7/7.0/toolchain/avr8/avr8-gnu-toolchain/bin/../lib/gcc/avr/5.4.0/avr5\libgcc.a(_clear_bss.o)
 .text.libgcc.prologue
                0x00000000        0x0 f:/software/atmel studio 7/7.0/toolchain/avr8/avr8-gnu-toolchain/bin/../lib/gcc/avr/5.4.0/avr5\libgcc.a(_clear_bss.o)
 .text.libgcc.builtins
                0x00000000        0x0 f:/software/atmel studio 7/7.0/toolchain/avr8/avr8-gnu-toolchain/bin/../lib/gcc/avr/5.4.0/avr5\libgcc.a(_clear_bss.o)
 .text.libgcc.fmul
                0x00000000        0x0 f:/software/atmel studio 7/7.0/toolchain/avr8/avr8-gnu-toolchain/bin/../lib/gcc/avr/5.4.0/avr5\libgcc.a(_clear_bss.o)
 .text.libgcc.fixed
                0x00000000        0x0 f:/software/atmel studio 7/7.0/toolchain/avr8/avr8-gnu-toolchain/bin/../lib/gcc/avr/5.4.0/avr5\libgcc.a(_clear_bss.o)
 .text          0x00000000        0x0 f:/software/atmel studio 7/7.0/toolchain/avr8/avr8-gnu-toolchain/bin/../lib/gcc/avr/5.4.0/../../../../avr/lib/avr5\libc.a(atoi.o)
 .data          0x00000000        0x0 f:/software/atmel studio 7/7.0/toolchain/avr8/avr8-gnu-toolchain/bin/../lib/gcc/avr/5.4.0/../../../../avr/lib/avr5\libc.a(atoi.o)
 .bss           0x00000000        0x0 f:/software/atmel studio 7/7.0/toolchain/avr8/avr8-gnu-toolchain/bin/../lib/gcc/avr/5.4.0/../../../../avr/lib/avr5\libc.a(atoi.o)
 .text          0x00000000        0x0 f:/software/atmel studio 7/7.0/toolchain/avr8/avr8-gnu-toolchain/bin/../lib/gcc/avr/5.4.0/../../../../avr/lib/avr5\libc.a(strcmp.o)
 .data          0x00000000        0x0 f:/software/atmel studio 7/7.0/toolchain/avr8/avr8-gnu-toolchain/bin/../lib/gcc/avr/5.4.0/../../../../avr/lib/avr5\libc.a(strcmp.o)
 .bss           0x00000000        0x0 f:/software/atmel studio 7/7.0/toolchain/avr8/avr8-gnu-toolchain/bin/../lib/gcc/avr/5.4.0/../../../../avr/lib/avr5\libc.a(strcmp.o)
 .text          0x00000000        0x0 f:/software/atmel studio 7/7.0/toolchain/avr8/avr8-gnu-toolchain/bin/../lib/gcc/avr/5.4.0/../../../../avr/lib/avr5\libc.a(strcpy.o)
 .data          0x00000000        0x0 f:/software/atmel studio 7/7.0/toolchain/avr8/avr8-gnu-toolchain/bin/../lib/gcc/avr/5.4.0/../../../../avr/lib/avr5\libc.a(strcpy.o)
 .bss           0x00000000        0x0 f:/software/atmel studio 7/7.0/toolchain/avr8/avr8-gnu-toolchain/bin/../lib/gcc/avr/5.4.0/../../../../avr/lib/avr5\libc.a(strcpy.o)
 .text          0x00000000        0x0 f:/software/atmel studio 7/7.0/toolchain/avr8/avr8-gnu-toolchain/bin/../lib/gcc/avr/5.4.0/../../../../avr/lib/avr5\libc.a(mul10.o)
 .data          0x00000000        0x0 f:/software/atmel studio 7/7.0/toolchain/avr8/avr8-gnu-toolchain/bin/../lib/gcc/avr/5.4.0/../../../../avr/lib/avr5\libc.a(mul10.o)
 .bss           0x00000000        0x0 f:/software/atmel studio 7/7.0/toolchain/avr8/avr8-gnu-toolchain/bin/../lib/gcc/avr/5.4.0/../../../../avr/lib/avr5\libc.a(mul10.o)

Memory Configuration

Name             Origin             Length             Attributes
text             0x00000000         0x00008000         xr
data             0x00800060         0x00000800         rw !x
eeprom           0x00810000         0x00000400         rw !x
fuse             0x00820000         0x00000002         rw !x
lock             0x00830000         0x00000400         rw !x
signature        0x00840000         0x00000400         rw !x
user_signatures  0x00850000         0x00000400         rw !x
*default*        0x00000000         0xffffffff

Linker script and memory map

LOAD F:/Software/Atmel Studio 7/7.0/Packs/atmel/ATmega_DFP/1.6.364/gcc/dev/atmega32/avr5/crtatmega32.o
LOAD adc.o
LOAD flowsensor.o
LOAD keypad.o
LOAD main.o
START GROUP
LOAD f:/software/atmel studio 7/7.0/toolchain/avr8/avr8-gnu-toolchain/bin/../lib/gcc/avr/5.4.0/../../../../avr/lib/avr5\libm.a
END GROUP
START GROUP
LOAD f:/software/atmel studio 7/7.0/toolchain/avr8/avr8-gnu-toolchain/bin/../lib/gcc/avr/5.4.0/avr5\libgcc.a
LOAD f:/software/atmel studio 7/7.0/toolchain/avr8/avr8-gnu-toolchain/bin/../lib/gcc/avr/5.4.0/../../../../avr/lib/avr5\libm.a
LOAD f:/software/atmel studio 7/7.0/toolchain/avr8/avr8-gnu-toolchain/bin/../lib/gcc/avr/5.4.0/../../../../avr/lib/avr5\libc.a
LOAD F:/Software/Atmel Studio 7/7.0/Packs/atmel/ATmega_DFP/1.6.364/gcc/dev/atmega32/avr5\libatmega32.a
END GROUP
                0x00000000                __TEXT_REGION_ORIGIN__ = DEFINED (__TEXT_REGION_ORIGIN__)?__TEXT_REGION_ORIGIN__:0x0
                [0x00800060]                __DATA_REGION_ORIGIN__ = DEFINED (__DATA_REGION_ORIGIN__)?__DATA_REGION_ORIGIN__:0x800060
                [0x00008000]                __TEXT_REGION_LENGTH__ = DEFINED (__TEXT_REGION_LENGTH__)?__TEXT_REGION_LENGTH__:0x20000
                [0x00000800]                __DATA_REGION_LENGTH__ = DEFINED (__DATA_REGION_LENGTH__)?__DATA_REGION_LENGTH__:0xffa0
                [0x00000400]                __EEPROM_REGION_LENGTH__ = DEFINED (__EEPROM_REGION_LENGTH__)?__EEPROM_REGION_LENGTH__:0x10000
                [0x00000002]                __FUSE_REGION_LENGTH__ = DEFINED (__FUSE_REGION_LENGTH__)?__FUSE_REGION_LENGTH__:0x400
                0x00000400                __LOCK_REGION_LENGTH__ = DEFINED (__LOCK_REGION_LENGTH__)?__LOCK_REGION_LENGTH__:0x400
                0x00000400                __SIGNATURE_REGION_LENGTH__ = DEFINED (__SIGNATURE_REGION_LENGTH__)?__SIGNATURE_REGION_LENGTH__:0x400
                0x00000400                __USER_SIGNATURE_REGION_LENGTH__ = DEFINED (__USER_SIGNATURE_REGION_LENGTH__)?__USER_SIGNATURE_REGION_LENGTH__:0x400

.hash
 *(.hash)

.dynsym
 *(.dynsym)

.dynstr
 *(.dynstr)

.gnu.version
 *(.gnu.version)

.gnu.version_d
 *(.gnu.version_d)

.gnu.version_r
 *(.gnu.version_r)

.rel.init
 *(.rel.init)

.rela.init
 *(.rela.init)

.rel.text
 *(.rel.text)
 *(.rel.text.*)
 *(.rel.gnu.linkonce.t*)

.rela.text
 *(.rela.text)
 *(.rela.text.*)
 *(.rela.gnu.linkonce.t*)

.rel.fini
 *(.rel.fini)

.rela.fini
 *(.rela.fini)

.rel.rodata
 *(.rel.rodata)
 *(.rel.rodata.*)
 *(.rel.gnu.linkonce.r*)

.rela.rodata
 *(.rela.rodata)
 *(.rela.rodata.*)
 *(.rela.gnu.linkonce.r*)

.rel.data
 *(.rel.data)
 *(.rel.data.*)
 *(.rel.gnu.linkonce.d*)

.rela.data
 *(.rela.data)
 *(.rela.data.*)
 *(.rela.gnu.linkonce.d*)

.rel.ctors
 *(.rel.ctors)

.rela.ctors
 *(.rela.ctors)

.rel.dtors
 *(.rel.dtors)

.rela.dtors
 *(.rela.dtors)

.rel.got
 *(.rel.got)

.rela.got
 *(.rela.got)

.rel.bss
 *(.rel.bss)

.rela.bss
 *(.rela.bss)

.rel.plt
 *(.rel.plt)

.rela.plt
 *(.rela.plt)

.text           0x00000000     0x1c66
 *(.vectors)
 .vectors       0x00000000       0x54 F:/Software/Atmel Studio 7/7.0/Packs/atmel/ATmega_DFP/1.6.364/gcc/dev/atmega32/avr5/crtatmega32.o
                0x00000000                __vector_default
                0x00000000                __vectors
 *(.vectors)
 *(.progmem.gcc*)
 .progmem.gcc_fplib
                0x00000054       0x5a f:/software/atmel studio 7/7.0/toolchain/avr8/avr8-gnu-toolchain/bin/../lib/gcc/avr/5.4.0/../../../../avr/lib/avr5\libm.a(log.o)
                0x000000ae                . = ALIGN (0x2)
                0x000000ae                __trampolines_start = .
 *(.trampolines)
 .trampolines   0x000000ae        0x0 linker stubs
 *(.trampolines*)
                0x000000ae                __trampolines_end = .
 *libprintf_flt.a:*(.progmem.data)
 *libc.a:*(.progmem.data)
 *(.progmem*)
                0x000000ae                . = ALIGN (0x2)
 *(.jumptables)
 *(.jumptables*)
 *(.lowtext)
 *(.lowtext*)
                0x000000ae                __ctors_start = .
 *(.ctors)
                0x000000ae                __ctors_end = .
                0x000000ae                __dtors_start = .
 *(.dtors)
                0x000000ae                __dtors_end = .
 SORT(*)(.ctors)
 SORT(*)(.dtors)
 *(.init0)
 .init0         0x000000ae        0x0 F:/Software/Atmel Studio 7/7.0/Packs/atmel/ATmega_DFP/1.6.364/gcc/dev/atmega32/avr5/crtatmega32.o
                0x000000ae                __init
 *(.init0)
 *(.init1)
 *(.init1)
 *(.init2)
 .init2         0x000000ae        0xc F:/Software/Atmel Studio 7/7.0/Packs/atmel/ATmega_DFP/1.6.364/gcc/dev/atmega32/avr5/crtatmega32.o
 *(.init2)
 *(.init3)
 *(.init3)
 *(.init4)
 .init4         0x000000ba       0x16 f:/software/atmel studio 7/7.0/toolchain/avr8/avr8-gnu-toolchain/bin/../lib/gcc/avr/5.4.0/avr5\libgcc.a(_copy_data.o)
                0x000000ba                __do_copy_data
 .init4         0x000000d0       0x10 f:/software/atmel studio 7/7.0/toolchain/avr8/avr8-gnu-toolchain/bin/../lib/gcc/avr/5.4.0/avr5\libgcc.a(_clear_bss.o)
                0x000000d0                __do_clear_bss
 *(.init4)
 *(.init5)
 *(.init5)
 *(.init6)
 *(.init6)
 *(.init7)
 *(.init7)
 *(.init8)
 *(.init8)
 *(.init9)
 .init9         0x000000e0        0x8 F:/Software/Atmel Studio 7/7.0/Packs/atmel/ATmega_DFP/1.6.364/gcc/dev/atmega32/avr5/crtatmega32.o
 *(.init9)
 *(.text)
 .text          0x000000e8        0x4 F:/Software/Atmel Studio 7/7.0/Packs/atmel/ATmega_DFP/1.6.364/gcc/dev/atmega32/avr5/crtatmega32.o
                0x000000e8                __vector_12
                0x000000e8                __bad_interrupt
                0x000000e8                __vector_6
                0x000000e8                __vector_11
                0x000000e8                __vector_13
                0x000000e8                __vector_17
                0x000000e8                __vector_19
                0x000000e8                __vector_5
                0x000000e8                __vector_4
                0x000000e8                __vector_15
                0x000000e8                __vector_8
                0x000000e8                __vector_14
                0x000000e8                __vector_10
                0x000000e8                __vector_16
                0x000000e8                __vector_18
                0x000000e8                __vector_20
                0x000000ec                . = ALIGN (0x2)
 *(.text.*)
 .text.adc_init
                0x000000ec        0xa adc.o
                0x000000ec                adc_init
 .text.adc_read
                0x000000f6       0x1a adc.o
                0x000000f6                adc_read
 .text.timer_1  0x00000110       0x18 flowsensor.o
                0x00000110                timer_1
 .text.pump_w   0x00000128      0x202 flowsensor.o
                0x00000128                pump_w
 .text.__vector_7
                0x0000032a       0x4a flowsensor.o
                0x0000032a                __vector_7
 .text.__vector_1
                0x00000374       0x2e flowsensor.o
                0x00000374                __vector_1
 .text.pump_l   0x000003a2      0x202 flowsensor.o
                0x000003a2                pump_l
 .text.__vector_2
                0x000005a4       0x2e flowsensor.o
                0x000005a4                __vector_2
 .text.pump_a   0x000005d2      0x212 flowsensor.o
                0x000005d2                pump_a
 .text.initUS   0x000007e4       0x46 flowsensor.o
                0x000007e4                initUS
 .text.trigPulse
                0x0000082a       0x1a flowsensor.o
                0x0000082a                trigPulse
 .text.retDistance
                0x00000844       0x24 flowsensor.o
                0x00000844                retDistance
 .text.ultrasonic1
                0x00000868       0x72 flowsensor.o
                0x00000868                ultrasonic1
 .text.ultrasonic2
                0x000008da       0x5a flowsensor.o
                0x000008da                ultrasonic2
 .text.ultrasonic3
                0x00000934       0x5a flowsensor.o
                0x00000934                ultrasonic3
 .text.__vector_9
                0x0000098e       0x36 flowsensor.o
                0x0000098e                __vector_9
 .text.__vector_3
                0x000009c4       0x82 flowsensor.o
                0x000009c4                __vector_3
 .text.keyfind  0x00000a46      0x132 keypad.o
                0x00000a46                keyfind
 .text.stprTrayPsh_init
                0x00000b78        0xe main.o
                0x00000b78                stprTrayPsh_init
 .text.stprMix_init
                0x00000b86        0x8 main.o
                0x00000b86                stprMix_init
 .text.stprTrayPsh_clk
                0x00000b8e       0x78 main.o
                0x00000b8e                stprTrayPsh_clk
 .text.stprTrayPsh_aclk
                0x00000c06       0x78 main.o
                0x00000c06                stprTrayPsh_aclk
 .text.stprMix_clk
                0x00000c7e       0x78 main.o
                0x00000c7e                stprMix_clk
 .text.stprMix_aclk
                0x00000cf6       0x78 main.o
                0x00000cf6                stprMix_aclk
 .text.dc_init  0x00000d6e       0x10 main.o
                0x00000d6e                dc_init
 .text.dc_stp   0x00000d7e        0x8 main.o
                0x00000d7e                dc_stp
 .text.dc_aclk  0x00000d86       0x26 main.o
                0x00000d86                dc_aclk
 .text.dc_clk   0x00000dac       0x26 main.o
                0x00000dac                dc_clk
 .text.acvt_mixer
                0x00000dd2       0x1a main.o
                0x00000dd2                acvt_mixer
 .text.switchon
                0x00000dec       0x14 main.o
                0x00000dec                switchon
 .text.switchoff
                0x00000e00       0x14 main.o
                0x00000e00                switchoff
 .text.ir_init  0x00000e14        0xa main.o
                0x00000e14                ir_init
 .text.act_IR   0x00000e1e        0xe main.o
                0x00000e1e                act_IR
 .text.i2c_init
                0x00000e2c        0xc main.o
                0x00000e2c                i2c_init
 .text.i2c_start
                0x00000e38        0xc main.o
                0x00000e38                i2c_start
 .text.i2c_write
                0x00000e44        0xe main.o
                0x00000e44                i2c_write
 .text.delay    0x00000e52       0x22 main.o
                0x00000e52                delay
 .text.toggle   0x00000e74       0x2a main.o
                0x00000e74                toggle
 .text.lcd_cmd_hf
                0x00000e9e       0x38 main.o
                0x00000e9e                lcd_cmd_hf
 .text.lcd_cmd  0x00000ed6       0x6c main.o
                0x00000ed6                lcd_cmd
 .text.lcd_init
                0x00000f42       0x32 main.o
                0x00000f42                lcd_init
 .text.lcd_dwr  0x00000f74       0x6c main.o
                0x00000f74                lcd_dwr
 .text.lcd_msg  0x00000fe0       0x1a main.o
                0x00000fe0                lcd_msg
 .text.wlcm_msg
                0x00000ffa       0x82 main.o
                0x00000ffa                wlcm_msg
 .text.num_tray
                0x0000107c      0x16a main.o
                0x0000107c                num_tray
 .text.tray_vol
                0x000011e6      0x19a main.o
                0x000011e6                tray_vol
 .text.main     0x00001380      0x2ea main.o
                0x00001380                main
 .text.avr-libc.fplib
                0x0000166a        0xe f:/software/atmel studio 7/7.0/toolchain/avr8/avr8-gnu-toolchain/bin/../lib/gcc/avr/5.4.0/../../../../avr/lib/avr5\libm.a(addsf3.o)
                0x0000166a                __subsf3
                0x0000166c                __addsf3
 .text.avr-libc.fplib
                0x00001678       0xcc f:/software/atmel studio 7/7.0/toolchain/avr8/avr8-gnu-toolchain/bin/../lib/gcc/avr/5.4.0/../../../../avr/lib/avr5\libm.a(addsf3x.o)
                0x0000169a                __addsf3x
 .text.avr-libc.fplib
                0x00001744        0x8 f:/software/atmel studio 7/7.0/toolchain/avr8/avr8-gnu-toolchain/bin/../lib/gcc/avr/5.4.0/../../../../avr/lib/avr5\libm.a(divsf3.o)
                0x00001744                __divsf3
 .text.avr-libc.fplib
                0x0000174c       0xdc f:/software/atmel studio 7/7.0/toolchain/avr8/avr8-gnu-toolchain/bin/../lib/gcc/avr/5.4.0/../../../../avr/lib/avr5\libm.a(divsf3x.o)
                0x0000176c                __divsf3x
                0x00001772                __divsf3_pse
 .text.avr-libc.fplib
                0x00001828        0xe f:/software/atmel studio 7/7.0/toolchain/avr8/avr8-gnu-toolchain/bin/../lib/gcc/avr/5.4.0/../../../../avr/lib/avr5\libm.a(fixsfsi.o)
                0x00001828                __fixsfsi
 .text.avr-libc.fplib
                0x00001836       0x5e f:/software/atmel studio 7/7.0/toolchain/avr8/avr8-gnu-toolchain/bin/../lib/gcc/avr/5.4.0/../../../../avr/lib/avr5\libm.a(fixunssfsi.o)
                0x00001836                __fixunssfsi
 .text.avr-libc.fplib
                0x00001894       0x7a f:/software/atmel studio 7/7.0/toolchain/avr8/avr8-gnu-toolchain/bin/../lib/gcc/avr/5.4.0/../../../../avr/lib/avr5\libm.a(floatsisf.o)
                0x00001894                __floatunsisf
                0x00001898                __floatsisf
 .text.avr-libc.fplib
                0x0000190e        0xc f:/software/atmel studio 7/7.0/toolchain/avr8/avr8-gnu-toolchain/bin/../lib/gcc/avr/5.4.0/../../../../avr/lib/avr5\libm.a(fp_inf.o)
                0x0000190e                __fp_inf
 .text.avr-libc.fplib
                0x0000191a        0x6 f:/software/atmel studio 7/7.0/toolchain/avr8/avr8-gnu-toolchain/bin/../lib/gcc/avr/5.4.0/../../../../avr/lib/avr5\libm.a(fp_nan.o)
                0x0000191a                __fp_nan
 .text.avr-libc.fplib
                0x00001920        0xe f:/software/atmel studio 7/7.0/toolchain/avr8/avr8-gnu-toolchain/bin/../lib/gcc/avr/5.4.0/../../../../avr/lib/avr5\libm.a(fp_pscA.o)
                0x00001920                __fp_pscA
 .text.avr-libc.fplib
                0x0000192e        0xe f:/software/atmel studio 7/7.0/toolchain/avr8/avr8-gnu-toolchain/bin/../lib/gcc/avr/5.4.0/../../../../avr/lib/avr5\libm.a(fp_pscB.o)
                0x0000192e                __fp_pscB
 .text.avr-libc.fplib
                0x0000193c       0x22 f:/software/atmel studio 7/7.0/toolchain/avr8/avr8-gnu-toolchain/bin/../lib/gcc/avr/5.4.0/../../../../avr/lib/avr5\libm.a(fp_round.o)
                0x0000193c                __fp_round
 .text.avr-libc.fplib
                0x0000195e       0x44 f:/software/atmel studio 7/7.0/toolchain/avr8/avr8-gnu-toolchain/bin/../lib/gcc/avr/5.4.0/../../../../avr/lib/avr5\libm.a(fp_split3.o)
                0x0000195e                __fp_split3
                0x0000196e                __fp_splitA
 .text.avr-libc.fplib
                0x000019a2        0xe f:/software/atmel studio 7/7.0/toolchain/avr8/avr8-gnu-toolchain/bin/../lib/gcc/avr/5.4.0/../../../../avr/lib/avr5\libm.a(fp_zero.o)
                0x000019a2                __fp_zero
                0x000019a4                __fp_szero
 .text.avr-libc.fplib
                0x000019b0        0xa f:/software/atmel studio 7/7.0/toolchain/avr8/avr8-gnu-toolchain/bin/../lib/gcc/avr/5.4.0/../../../../avr/lib/avr5\libm.a(gesf2.o)
                0x000019b0                __gesf2
                0x000019b0                __gtsf2
 .text.avr-libc.fplib
                0x000019ba       0x10 f:/software/atmel studio 7/7.0/toolchain/avr8/avr8-gnu-toolchain/bin/../lib/gcc/avr/5.4.0/../../../../avr/lib/avr5\libm.a(log10.o)
                0x000019ba                log10
 .text.avr-libc.fplib
                0x000019ca       0xa0 f:/software/atmel studio 7/7.0/toolchain/avr8/avr8-gnu-toolchain/bin/../lib/gcc/avr/5.4.0/../../../../avr/lib/avr5\libm.a(log.o)
                0x000019da                log
 .text.avr-libc.fplib
                0x00001a6a        0x8 f:/software/atmel studio 7/7.0/toolchain/avr8/avr8-gnu-toolchain/bin/../lib/gcc/avr/5.4.0/../../../../avr/lib/avr5\libm.a(mulsf3.o)
                0x00001a6a                __mulsf3
 .text.avr-libc.fplib
                0x00001a72       0xd2 f:/software/atmel studio 7/7.0/toolchain/avr8/avr8-gnu-toolchain/bin/../lib/gcc/avr/5.4.0/../../../../avr/lib/avr5\libm.a(mulsf3x.o)
                0x00001a90                __mulsf3x
                0x00001a96                __mulsf3_pse
 .text.avr-libc.fplib
                0x00001b44       0x48 f:/software/atmel studio 7/7.0/toolchain/avr8/avr8-gnu-toolchain/bin/../lib/gcc/avr/5.4.0/../../../../avr/lib/avr5\libm.a(fp_cmp.o)
                0x00001b44                __fp_cmp
 .text.avr-libc.fplib
                0x00001b8c       0x1c f:/software/atmel studio 7/7.0/toolchain/avr8/avr8-gnu-toolchain/bin/../lib/gcc/avr/5.4.0/../../../../avr/lib/avr5\libm.a(fp_mpack.o)
                0x00001b8c                __fp_mpack
                0x00001b90                __fp_mpack_finite
 .text.avr-libc.fplib
                0x00001ba8       0x4e f:/software/atmel studio 7/7.0/toolchain/avr8/avr8-gnu-toolchain/bin/../lib/gcc/avr/5.4.0/../../../../avr/lib/avr5\libm.a(fp_powser.o)
                0x00001ba8                __fp_powser
 .text.avr-libc
                0x00001bf6       0x3c f:/software/atmel studio 7/7.0/toolchain/avr8/avr8-gnu-toolchain/bin/../lib/gcc/avr/5.4.0/../../../../avr/lib/avr5\libc.a(atoi.o)
                0x00001bf6                atoi
 .text.avr-libc
                0x00001c32       0x12 f:/software/atmel studio 7/7.0/toolchain/avr8/avr8-gnu-toolchain/bin/../lib/gcc/avr/5.4.0/../../../../avr/lib/avr5\libc.a(strcmp.o)
                0x00001c32                strcmp
 .text.avr-libc
                0x00001c44        0xe f:/software/atmel studio 7/7.0/toolchain/avr8/avr8-gnu-toolchain/bin/../lib/gcc/avr/5.4.0/../../../../avr/lib/avr5\libc.a(strcpy.o)
                0x00001c44                strcpy
 .text.avr-libc
                0x00001c52       0x10 f:/software/atmel studio 7/7.0/toolchain/avr8/avr8-gnu-toolchain/bin/../lib/gcc/avr/5.4.0/../../../../avr/lib/avr5\libc.a(mul10.o)
                0x00001c52                __mulhi_const_10
                0x00001c62                . = ALIGN (0x2)
 *(.fini9)
 .fini9         0x00001c62        0x0 f:/software/atmel studio 7/7.0/toolchain/avr8/avr8-gnu-toolchain/bin/../lib/gcc/avr/5.4.0/avr5\libgcc.a(_exit.o)
                0x00001c62                _exit
                0x00001c62                exit
 *(.fini9)
 *(.fini8)
 *(.fini8)
 *(.fini7)
 *(.fini7)
 *(.fini6)
 *(.fini6)
 *(.fini5)
 *(.fini5)
 *(.fini4)
 *(.fini4)
 *(.fini3)
 *(.fini3)
 *(.fini2)
 *(.fini2)
 *(.fini1)
 *(.fini1)
 *(.fini0)
 .fini0         0x00001c62        0x4 f:/software/atmel studio 7/7.0/toolchain/avr8/avr8-gnu-toolchain/bin/../lib/gcc/avr/5.4.0/avr5\libgcc.a(_exit.o)
 *(.fini0)
                0x00001c66                _etext = .

.data           0x00800060      0x1a2 load address 0x00001c66
                0x00800060                PROVIDE (__data_start, .)
 *(.data)
 *(.data*)
 .data.v_latex  0x00800060        0x2 flowsensor.o
                0x00800060                v_latex
 .data.v_water  0x00800062        0x2 flowsensor.o
                0x00800062                v_water
 .data.calibrationFactor
                0x00800064        0x4 flowsensor.o
                0x00800064                calibrationFactor
 .data.keypad   0x00800068       0x20 keypad.o
                0x00800068                keypad
 *(.gnu.linkonce.d*)
 *(.rodata)
 *(.rodata*)
 .rodata.str1.1
                0x00800088       0x1e keypad.o
                                 0x20 (size before relaxing)
 .rodata.str1.1
                0x008000a6      0x15c main.o
                                0x160 (size before relaxing)
 *(.gnu.linkonce.r*)
                0x00800202                . = ALIGN (0x2)
                0x00800202                _edata = .
                0x00800202                PROVIDE (__data_end, .)

.bss            0x00800202       0x36
                0x00800202                PROVIDE (__bss_start, .)
 *(.bss)
 *(.bss*)
 .bss.distance  0x00800202        0x4 flowsensor.o
                0x00800202                distance
 .bss.i         0x00800206        0x2 flowsensor.o
 .bss.tCount    0x00800208        0x2 flowsensor.o
 .bss.sec       0x0080020a        0x4 flowsensor.o
                0x0080020a                sec
 .bss.millisec  0x0080020e        0x4 flowsensor.o
                0x0080020e                millisec
 .bss.totalMilliLitres
                0x00800212        0x4 flowsensor.o
                0x00800212                totalMilliLitres
 .bss.flowMilliLitres
                0x00800216        0x2 flowsensor.o
                0x00800216                flowMilliLitres
 .bss.oldTime   0x00800218        0x4 flowsensor.o
                0x00800218                oldTime
 .bss.pulseCount3
                0x0080021c        0x2 flowsensor.o
                0x0080021c                pulseCount3
 .bss.pulseCount2
                0x0080021e        0x2 flowsensor.o
                0x0080021e                pulseCount2
 .bss.pulseCount1
                0x00800220        0x2 flowsensor.o
                0x00800220                pulseCount1
 .bss.flowRate  0x00800222        0x4 flowsensor.o
                0x00800222                flowRate
 .bss.vol       0x00800226        0x4 main.o
                0x00800226                vol
 .bss.num_trays
                0x0080022a        0x2 main.o
                0x0080022a                num_trays
 *(COMMON)
 COMMON         0x0080022c        0x2 flowsensor.o
                0x0080022c                v_acid
 COMMON         0x0080022e        0x2 keypad.o
                0x0080022e                colloc
                0x0080022f                rowloc
 COMMON         0x00800230        0x8 main.o
                0x00800230                var1
                0x00800232                pH
                0x00800236                adc_ph
                0x00800238                PROVIDE (__bss_end, .)
                0x00001c66                __data_load_start = LOADADDR (.data)
                0x00001e08                __data_load_end = (__data_load_start + SIZEOF (.data))

.noinit         0x00800238        0x0
                [!provide]                PROVIDE (__noinit_start, .)
 *(.noinit*)
                [!provide]                PROVIDE (__noinit_end, .)
                0x00800238                _end = .
                [!provide]                PROVIDE (__heap_start, .)

.eeprom         0x00810000        0x0
 *(.eeprom*)
                0x00810000                __eeprom_end = .

.fuse
 *(.fuse)
 *(.lfuse)
 *(.hfuse)
 *(.efuse)

.lock
 *(.lock*)

.signature
 *(.signature*)

.user_signatures
 *(.user_signatures*)

.stab
 *(.stab)

.stabstr
 *(.stabstr)

.stab.excl
 *(.stab.excl)

.stab.exclstr
 *(.stab.exclstr)

.stab.index
 *(.stab.index)

.stab.indexstr
 *(.stab.indexstr)

.comment        0x00000000       0x30
 *(.comment)
 .comment       0x00000000       0x30 adc.o
                                 0x31 (size before relaxing)
 .comment       0x00000030       0x31 flowsensor.o
 .comment       0x00000030       0x31 keypad.o
 .comment       0x00000030       0x31 main.o

.note.gnu.avr.deviceinfo
                0x00000000       0x3c
 .note.gnu.avr.deviceinfo
                0x00000000       0x3c F:/Software/Atmel Studio 7/7.0/Packs/atmel/ATmega_DFP/1.6.364/gcc/dev/atmega32/avr5/crtatmega32.o

.note.gnu.build-id
 *(.note.gnu.build-id)

.debug
 *(.debug)

.line
 *(.line)

.debug_srcinfo
 *(.debug_srcinfo)

.debug_sfnames
 *(.debug_sfnames)

.debug_aranges  0x00000000      0x208
 *(.debug_aranges)
 .debug_aranges
                0x00000000       0x28 adc.o
 .debug_aranges
                0x00000028       0x90 flowsensor.o
 .debug_aranges
                0x000000b8       0x20 keypad.o
 .debug_aranges
                0x000000d8      0x130 main.o

.debug_pubnames
 *(.debug_pubnames)

.debug_info     0x00000000     0x2711
 *(.debug_info .gnu.linkonce.wi.*)
 .debug_info    0x00000000      0x4e6 F:/Software/Atmel Studio 7/7.0/Packs/atmel/ATmega_DFP/1.6.364/gcc/dev/atmega32/avr5/crtatmega32.o
 .debug_info    0x000004e6       0xb6 adc.o
 .debug_info    0x0000059c      0x4c4 flowsensor.o
 .debug_info    0x00000a60      0x1aa keypad.o
 .debug_info    0x00000c0a     0x1b07 main.o

.debug_abbrev   0x00000000      0xad9
 *(.debug_abbrev)
 .debug_abbrev  0x00000000      0x4a3 F:/Software/Atmel Studio 7/7.0/Packs/atmel/ATmega_DFP/1.6.364/gcc/dev/atmega32/avr5/crtatmega32.o
 .debug_abbrev  0x000004a3       0x78 adc.o
 .debug_abbrev  0x0000051b      0x1f5 flowsensor.o
 .debug_abbrev  0x00000710       0xf6 keypad.o
 .debug_abbrev  0x00000806      0x2d3 main.o

.debug_line     0x00000000     0x1753
 *(.debug_line .debug_line.* .debug_line_end)
 .debug_line    0x00000000      0x116 F:/Software/Atmel Studio 7/7.0/Packs/atmel/ATmega_DFP/1.6.364/gcc/dev/atmega32/avr5/crtatmega32.o
 .debug_line    0x00000116       0xd5 adc.o
 .debug_line    0x000001eb      0x544 flowsensor.o
 .debug_line    0x0000072f      0x21b keypad.o
 .debug_line    0x0000094a      0xe09 main.o

.debug_frame    0x00000000      0x53c
 *(.debug_frame)
 .debug_frame   0x00000000       0x34 adc.o
 .debug_frame   0x00000034      0x1d4 flowsensor.o
 .debug_frame   0x00000208       0x24 keypad.o
 .debug_frame   0x0000022c      0x310 main.o

.debug_str      0x00000000      0x685
 *(.debug_str)
 .debug_str     0x00000000      0x196 F:/Software/Atmel Studio 7/7.0/Packs/atmel/ATmega_DFP/1.6.364/gcc/dev/atmega32/avr5/crtatmega32.o
 .debug_str     0x00000196      0x159 adc.o
                                0x18d (size before relaxing)
 .debug_str     0x000002ef      0x19f flowsensor.o
                                0x30f (size before relaxing)
 .debug_str     0x0000048e       0x34 keypad.o
                                0x1eb (size before relaxing)
 .debug_str     0x000004c2      0x1c3 main.o
                                0x3f2 (size before relaxing)

.debug_loc      0x00000000     0x141e
 *(.debug_loc)
 .debug_loc     0x00000000       0x2e adc.o
 .debug_loc     0x0000002e      0x3b1 flowsensor.o
 .debug_loc     0x000003df       0x8c keypad.o
 .debug_loc     0x0000046b      0xfb3 main.o

.debug_macinfo
 *(.debug_macinfo)

.debug_weaknames
 *(.debug_weaknames)

.debug_funcnames
 *(.debug_funcnames)

.debug_typenames
 *(.debug_typenames)

.debug_varnames
 *(.debug_varnames)

.debug_pubtypes
 *(.debug_pubtypes)

.debug_ranges   0x00000000      0x1c8
 *(.debug_ranges)
 .debug_ranges  0x00000000       0x18 adc.o
 .debug_ranges  0x00000018       0x80 flowsensor.o
 .debug_ranges  0x00000098       0x10 keypad.o
 .debug_ranges  0x000000a8      0x120 main.o

.debug_macro
 *(.debug_macro)
OUTPUT(test2.elf elf32-avr)
LOAD linker stubs
